// Jest Snapshot v1, https://goo.gl/fbAQLP

exports[`renders correctly 1`] = `
<section
  className="home"
>
  <div
    className="world"
  >
    <div
      className="info show"
    >
      <h3>
        7,924,303,275
      </h3>
      <p>
        Population
      </p>
    </div>
    <div
      className="info show"
    >
      <h3>
        90
      </h3>
      <p>
        Confirmed
      </p>
    </div>
    <div
      className="info show"
    >
      <h3>
        0.00%
      </h3>
      <p>
        Per Population
      </p>
    </div>
    <div
      className="info show"
    >
      <h3>
        89
      </h3>
      <p>
        Deaths
      </p>
    </div>
    <div
      className="info show"
    >
      <h3>
        0.00%
      </h3>
      <p>
        Per Population
      </p>
    </div>
    <div
      className="info show"
    >
      <h3>
        87
      </h3>
      <p>
        New Confirmed
      </p>
    </div>
    <div
      className="info show"
    >
      <h3>
        0.00%
      </h3>
      <p>
        Per Population
      </p>
    </div>
  </div>
  <div
    className="home tabs"
  >
    <div
      className="continent tab"
    >
      <div
        className="div-bg"
      />
      <a
        href="#/continent/Africa/AF"
        onClick={[Function]}
      >
        <h2>
          Africa
        </h2>
      </a>
    </div>
    <div
      className="continent tab"
    >
      <div
        className="div-bg"
      />
      <a
        href="#/continent/Asia/AS"
        onClick={[Function]}
      >
        <h2>
          Asia
        </h2>
      </a>
    </div>
    <div
      className="continent tab"
    >
      <div
        className="div-bg"
      />
      <a
        href="#/continent/Europe/EU"
        onClick={[Function]}
      >
        <h2>
          Europe
        </h2>
      </a>
    </div>
    <div
      className="continent tab"
    >
      <div
        className="div-bg"
      />
      <a
        href="#/continent/North America/NA"
        onClick={[Function]}
      >
        <h2>
          North America
        </h2>
      </a>
    </div>
    <div
      className="continent tab"
    >
      <div
        className="div-bg"
      />
      <a
        href="#/continent/Oceania/OC"
        onClick={[Function]}
      >
        <h2>
          Oceania
        </h2>
      </a>
    </div>
    <div
      className="continent tab"
    >
      <div
        className="div-bg"
      />
      <a
        href="#/continent/South America/SA"
        onClick={[Function]}
      >
        <h2>
          South America
        </h2>
      </a>
    </div>
  </div>
</section>
`;
